
========== 0x05-pointers_arrays_strings/0-reset_to_98.c ==========
reset_to_98

========== 0x05-pointers_arrays_strings/1-swap.c ==========
swap_int

========== 0x05-pointers_arrays_strings/2-strlen.c ==========
_strlen

========== 0x05-pointers_arrays_strings/3-puts.c ==========
_puts

========== 0x05-pointers_arrays_strings/4-print_rev.c ==========
print_rev

========== 0x05-pointers_arrays_strings/5-rev_string.c ==========
rev_string

========== 0x05-pointers_arrays_strings/6-puts2.c ==========
puts2

========== 0x05-pointers_arrays_strings/7-puts_half.c ==========
puts_half

========== 0x05-pointers_arrays_strings/8-print_array.c ==========
print_array

========== 0x05-pointers_arrays_strings/9-strcpy.c ==========
_strcpy

========== 0x05-pointers_arrays_strings/main.h ==========
_putchar

========== 0x05-pointers_arrays_strings/_putchar.c ==========
_putchar

========== 0x05-pointers_arrays_strings/README.md ==========
0x05-pointers_arrays_strings/README.md:0: ERROR: Does not appear to be a unified-diff format patch
total: 1 errors, 0 warnings, 0 lines checked
